{"log":
 [{"message":
   ".> LEAN_PATH=././.lake/build/lib LD_LIBRARY_PATH= /home/codespace/.elan/toolchains/leanprover--lean4---v4.16.0/bin/lean -DautoImplicit=false ././././RIINA/Industries/IndustryFinancial.lean -R ./././. -o ././.lake/build/lib/RIINA/Industries/IndustryFinancial.olean -i ././.lake/build/lib/RIINA/Industries/IndustryFinancial.ilean -c ././.lake/build/ir/RIINA/Industries/IndustryFinancial.c --json",
   "level": "trace"},
  {"message":
   "././././RIINA/Industries/IndustryFinancial.lean:249:34: unused variable `transaction`\nnote: this linter can be disabled with `set_option linter.unusedVariables false`",
   "level": "warning"},
  {"message":
   "././././RIINA/Industries/IndustryFinancial.lean:255:32: unused variable `internal_controls`\nnote: this linter can be disabled with `set_option linter.unusedVariables false`",
   "level": "warning"},
  {"message":
   "././././RIINA/Industries/IndustryFinancial.lean:255:59: unused variable `audit_trail`\nnote: this linter can be disabled with `set_option linter.unusedVariables false`",
   "level": "warning"},
  {"message":
   "././././RIINA/Industries/IndustryFinancial.lean:261:29: unused variable `npi`\nnote: this linter can be disabled with `set_option linter.unusedVariables false`",
   "level": "warning"},
  {"message":
   "././././RIINA/Industries/IndustryFinancial.lean:261:51: unused variable `protection`\nnote: this linter can be disabled with `set_option linter.unusedVariables false`",
   "level": "warning"},
  {"message":
   "././././RIINA/Industries/IndustryFinancial.lean:267:29: unused variable `system`\nnote: this linter can be disabled with `set_option linter.unusedVariables false`",
   "level": "warning"},
  {"message":
   "././././RIINA/Industries/IndustryFinancial.lean:267:44: unused variable `incident`\nnote: this linter can be disabled with `set_option linter.unusedVariables false`",
   "level": "warning"},
  {"message":
   "././././RIINA/Industries/IndustryFinancial.lean:272:48: unused variable `storage`\nnote: this linter can be disabled with `set_option linter.unusedVariables false`",
   "level": "warning"},
  {"message":
   "././././RIINA/Industries/IndustryFinancial.lean:277:25: unused variable `pan`\nnote: this linter can be disabled with `set_option linter.unusedVariables false`",
   "level": "warning"},
  {"message":
   "././././RIINA/Industries/IndustryFinancial.lean:277:47: unused variable `display_format`\nnote: this linter can be disabled with `set_option linter.unusedVariables false`",
   "level": "warning"}],
 "depHash": "4833174212892240523"}