{"log":
 [{"message":
   ".> LEAN_PATH=././.lake/build/lib LD_LIBRARY_PATH= /home/codespace/.elan/toolchains/leanprover--lean4---v4.16.0/bin/lean -DautoImplicit=false ././././RIINA/Industries/IndustryRealEstate.lean -R ./././. -o ././.lake/build/lib/RIINA/Industries/IndustryRealEstate.olean -i ././.lake/build/lib/RIINA/Industries/IndustryRealEstate.ilean -c ././.lake/build/ir/RIINA/Industries/IndustryRealEstate.c --json",
   "level": "trace"},
  {"message":
   "././././RIINA/Industries/IndustryRealEstate.lean:182:72: unused variable `building`\nnote: this linter can be disabled with `set_option linter.unusedVariables false`",
   "level": "warning"},
  {"message":
   "././././RIINA/Industries/IndustryRealEstate.lean:188:29: unused variable `bas_network`\nnote: this linter can be disabled with `set_option linter.unusedVariables false`",
   "level": "warning"},
  {"message":
   "././././RIINA/Industries/IndustryRealEstate.lean:194:37: unused variable `credential`\nnote: this linter can be disabled with `set_option linter.unusedVariables false`",
   "level": "warning"},
  {"message":
   "././././RIINA/Industries/IndustryRealEstate.lean:194:65: unused variable `access_point`\nnote: this linter can be disabled with `set_option linter.unusedVariables false`",
   "level": "warning"},
  {"message":
   "././././RIINA/Industries/IndustryRealEstate.lean:200:36: unused variable `transaction`\nnote: this linter can be disabled with `set_option linter.unusedVariables false`",
   "level": "warning"},
  {"message":
   "././././RIINA/Industries/IndustryRealEstate.lean:206:33: unused variable `device`\nnote: this linter can be disabled with `set_option linter.unusedVariables false`",
   "level": "warning"},
  {"message":
   "././././RIINA/Industries/IndustryRealEstate.lean:211:70: unused variable `system`\nnote: this linter can be disabled with `set_option linter.unusedVariables false`",
   "level": "warning"},
  {"message":
   "././././RIINA/Industries/IndustryRealEstate.lean:216:64: unused variable `safety_system`\nnote: this linter can be disabled with `set_option linter.unusedVariables false`",
   "level": "warning"}],
 "depHash": "13261858271315307646"}