{"log":
 [{"message":
   ".> LEAN_PATH=././.lake/build/lib LD_LIBRARY_PATH= /home/codespace/.elan/toolchains/leanprover--lean4---v4.16.0/bin/lean -DautoImplicit=false ././././RIINA/Industries/IndustryTransportation.lean -R ./././. -o ././.lake/build/lib/RIINA/Industries/IndustryTransportation.olean -i ././.lake/build/lib/RIINA/Industries/IndustryTransportation.ilean -c ././.lake/build/ir/RIINA/Industries/IndustryTransportation.c --json",
   "level": "trace"},
  {"message":
   "././././RIINA/Industries/IndustryTransportation.lean:199:69: unused variable `asil`\nnote: this linter can be disabled with `set_option linter.unusedVariables false`",
   "level": "warning"},
  {"message":
   "././././RIINA/Industries/IndustryTransportation.lean:205:37: unused variable `vehicle`\nnote: this linter can be disabled with `set_option linter.unusedVariables false`",
   "level": "warning"},
  {"message":
   "././././RIINA/Industries/IndustryTransportation.lean:205:53: unused variable `system`\nnote: this linter can be disabled with `set_option linter.unusedVariables false`",
   "level": "warning"},
  {"message":
   "././././RIINA/Industries/IndustryTransportation.lean:211:35: unused variable `vehicle_type`\nnote: this linter can be disabled with `set_option linter.unusedVariables false`",
   "level": "warning"},
  {"message":
   "././././RIINA/Industries/IndustryTransportation.lean:217:33: unused variable `railway_software`\nnote: this linter can be disabled with `set_option linter.unusedVariables false`",
   "level": "warning"},
  {"message":
   "././././RIINA/Industries/IndustryTransportation.lean:217:58: unused variable `sil`\nnote: this linter can be disabled with `set_option linter.unusedVariables false`",
   "level": "warning"},
  {"message":
   "././././RIINA/Industries/IndustryTransportation.lean:223:32: unused variable `vessel`\nnote: this linter can be disabled with `set_option linter.unusedVariables false`",
   "level": "warning"},
  {"message":
   "././././RIINA/Industries/IndustryTransportation.lean:228:34: unused variable `compliance`\nnote: this linter can be disabled with `set_option linter.unusedVariables false`",
   "level": "warning"}],
 "depHash": "13269145868122092559"}