{"log":
 [{"message":
   ".> LEAN_PATH=././.lake/build/lib LD_LIBRARY_PATH= /home/codespace/.elan/toolchains/leanprover--lean4---v4.16.0/bin/lean -DautoImplicit=false ././././RIINA/Industries/IndustryEducation.lean -R ./././. -o ././.lake/build/lib/RIINA/Industries/IndustryEducation.olean -i ././.lake/build/lib/RIINA/Industries/IndustryEducation.ilean -c ././.lake/build/ir/RIINA/Industries/IndustryEducation.c --json",
   "level": "trace"},
  {"message":
   "././././RIINA/Industries/IndustryEducation.lean:184:62: unused variable `record`\nnote: this linter can be disabled with `set_option linter.unusedVariables false`",
   "level": "warning"},
  {"message":
   "././././RIINA/Industries/IndustryEducation.lean:190:51: unused variable `data`\nnote: this linter can be disabled with `set_option linter.unusedVariables false`",
   "level": "warning"},
  {"message":
   "././././RIINA/Industries/IndustryEducation.lean:196:29: unused variable `school_network`\nnote: this linter can be disabled with `set_option linter.unusedVariables false`",
   "level": "warning"},
  {"message":
   "././././RIINA/Industries/IndustryEducation.lean:202:38: unused variable `state`\nnote: this linter can be disabled with `set_option linter.unusedVariables false`",
   "level": "warning"},
  {"message":
   "././././RIINA/Industries/IndustryEducation.lean:202:52: unused variable `student_data`\nnote: this linter can be disabled with `set_option linter.unusedVariables false`",
   "level": "warning"},
  {"message":
   "././././RIINA/Industries/IndustryEducation.lean:208:35: unused variable `vendor`\nnote: this linter can be disabled with `set_option linter.unusedVariables false`",
   "level": "warning"},
  {"message":
   "././././RIINA/Industries/IndustryEducation.lean:208:50: unused variable `student_data`\nnote: this linter can be disabled with `set_option linter.unusedVariables false`",
   "level": "warning"},
  {"message":
   "././././RIINA/Industries/IndustryEducation.lean:213:61: unused variable `disclosure`\nnote: this linter can be disabled with `set_option linter.unusedVariables false`",
   "level": "warning"},
  {"message":
   "././././RIINA/Industries/IndustryEducation.lean:218:57: unused variable `data_collection`\nnote: this linter can be disabled with `set_option linter.unusedVariables false`",
   "level": "warning"}],
 "depHash": "14715789376360115728"}