{"log":
 [{"message":
   ".> LEAN_PATH=././.lake/build/lib LD_LIBRARY_PATH= /home/codespace/.elan/toolchains/leanprover--lean4---v4.16.0/bin/lean -DautoImplicit=false ././././RIINA/Industries/IndustryMilitary.lean -R ./././. -o ././.lake/build/lib/RIINA/Industries/IndustryMilitary.olean -i ././.lake/build/lib/RIINA/Industries/IndustryMilitary.ilean -c ././.lake/build/ir/RIINA/Industries/IndustryMilitary.c --json",
   "level": "trace"},
  {"message":
   "././././RIINA/Industries/IndustryMilitary.lean:158:75: unused variable `data_class`\nnote: this linter can be disabled with `set_option linter.unusedVariables false`",
   "level": "warning"},
  {"message":
   "././././RIINA/Industries/IndustryMilitary.lean:170:33: unused variable `data_class`\nnote: this linter can be disabled with `set_option linter.unusedVariables false`",
   "level": "warning"},
  {"message":
   "././././RIINA/Industries/IndustryMilitary.lean:170:68: unused variable `destination`\nnote: this linter can be disabled with `set_option linter.unusedVariables false`",
   "level": "warning"},
  {"message":
   "././././RIINA/Industries/IndustryMilitary.lean:176:32: unused variable `system`\nnote: this linter can be disabled with `set_option linter.unusedVariables false`",
   "level": "warning"},
  {"message":
   "././././RIINA/Industries/IndustryMilitary.lean:176:47: unused variable `hazard_level`\nnote: this linter can be disabled with `set_option linter.unusedVariables false`",
   "level": "warning"},
  {"message":
   "././././RIINA/Industries/IndustryMilitary.lean:182:31: unused variable `system`\nnote: this linter can be disabled with `set_option linter.unusedVariables false`",
   "level": "warning"},
  {"message":
   "././././RIINA/Industries/IndustryMilitary.lean:182:46: unused variable `risk_level`\nnote: this linter can be disabled with `set_option linter.unusedVariables false`",
   "level": "warning"}],
 "depHash": "6105115082877849169"}