{"log":
 [{"message":
   ".> LEAN_PATH=././.lake/build/lib LD_LIBRARY_PATH= /home/codespace/.elan/toolchains/leanprover--lean4---v4.16.0/bin/lean -DautoImplicit=false ././././RIINA/Industries/IndustryMedia.lean -R ./././. -o ././.lake/build/lib/RIINA/Industries/IndustryMedia.olean -i ././.lake/build/lib/RIINA/Industries/IndustryMedia.ilean -c ././.lake/build/ir/RIINA/Industries/IndustryMedia.c --json",
   "level": "trace"},
  {"message":
   "././././RIINA/Industries/IndustryMedia.lean:188:68: unused variable `content`\nnote: this linter can be disabled with `set_option linter.unusedVariables false`",
   "level": "warning"},
  {"message":
   "././././RIINA/Industries/IndustryMedia.lean:194:26: unused variable `cinema_content`\nnote: this linter can be disabled with `set_option linter.unusedVariables false`",
   "level": "warning"},
  {"message":
   "././././RIINA/Industries/IndustryMedia.lean:200:28: unused variable `vendor`\nnote: this linter can be disabled with `set_option linter.unusedVariables false`",
   "level": "warning"},
  {"message":
   "././././RIINA/Industries/IndustryMedia.lean:206:32: unused variable `content`\nnote: this linter can be disabled with `set_option linter.unusedVariables false`",
   "level": "warning"},
  {"message":
   "././././RIINA/Industries/IndustryMedia.lean:206:56: unused variable `viewer`\nnote: this linter can be disabled with `set_option linter.unusedVariables false`",
   "level": "warning"},
  {"message":
   "././././RIINA/Industries/IndustryMedia.lean:212:29: unused variable `content_delivery`\nnote: this linter can be disabled with `set_option linter.unusedVariables false`",
   "level": "warning"},
  {"message":
   "././././RIINA/Industries/IndustryMedia.lean:217:67: unused variable `protection`\nnote: this linter can be disabled with `set_option linter.unusedVariables false`",
   "level": "warning"},
  {"message":
   "././././RIINA/Industries/IndustryMedia.lean:222:35: unused variable `content`\nnote: this linter can be disabled with `set_option linter.unusedVariables false`",
   "level": "warning"},
  {"message":
   "././././RIINA/Industries/IndustryMedia.lean:222:59: unused variable `watermark`\nnote: this linter can be disabled with `set_option linter.unusedVariables false`",
   "level": "warning"}],
 "depHash": "894528053656923132"}