{"log":
 [{"message":
   ".> LEAN_PATH=././.lake/build/lib LD_LIBRARY_PATH= /home/codespace/.elan/toolchains/leanprover--lean4---v4.16.0/bin/lean -DautoImplicit=false ././././RIINA/Industries/IndustryAgriculture.lean -R ./././. -o ././.lake/build/lib/RIINA/Industries/IndustryAgriculture.olean -i ././.lake/build/lib/RIINA/Industries/IndustryAgriculture.ilean -c ././.lake/build/ir/RIINA/Industries/IndustryAgriculture.c --json",
   "level": "trace"},
  {"message":
   "././././RIINA/Industries/IndustryAgriculture.lean:195:61: unused variable `facility`\nnote: this linter can be disabled with `set_option linter.unusedVariables false`",
   "level": "warning"},
  {"message":
   "././././RIINA/Industries/IndustryAgriculture.lean:200:31: unused variable `product`\nnote: this linter can be disabled with `set_option linter.unusedVariables false`",
   "level": "warning"},
  {"message":
   "././././RIINA/Industries/IndustryAgriculture.lean:200:47: unused variable `supply_chain`\nnote: this linter can be disabled with `set_option linter.unusedVariables false`",
   "level": "warning"},
  {"message":
   "././././RIINA/Industries/IndustryAgriculture.lean:205:35: unused variable `equipment`\nnote: this linter can be disabled with `set_option linter.unusedVariables false`",
   "level": "warning"},
  {"message":
   "././././RIINA/Industries/IndustryAgriculture.lean:205:53: unused variable `data`\nnote: this linter can be disabled with `set_option linter.unusedVariables false`",
   "level": "warning"},
  {"message":
   "././././RIINA/Industries/IndustryAgriculture.lean:210:34: unused variable `organization`\nnote: this linter can be disabled with `set_option linter.unusedVariables false`",
   "level": "warning"},
  {"message":
   "././././RIINA/Industries/IndustryAgriculture.lean:215:36: unused variable `supplier`\nnote: this linter can be disabled with `set_option linter.unusedVariables false`",
   "level": "warning"},
  {"message":
   "././././RIINA/Industries/IndustryAgriculture.lean:215:53: unused variable `product`\nnote: this linter can be disabled with `set_option linter.unusedVariables false`",
   "level": "warning"},
  {"message":
   "././././RIINA/Industries/IndustryAgriculture.lean:220:60: unused variable `facility`\nnote: this linter can be disabled with `set_option linter.unusedVariables false`",
   "level": "warning"}],
 "depHash": "12294178177691797379"}