{"log":
 [{"message":
   ".> LEAN_PATH=././.lake/build/lib LD_LIBRARY_PATH= /home/codespace/.elan/toolchains/leanprover--lean4---v4.16.0/bin/lean -DautoImplicit=false ././././RIINA/Industries/IndustryManufacturing.lean -R ./././. -o ././.lake/build/lib/RIINA/Industries/IndustryManufacturing.olean -i ././.lake/build/lib/RIINA/Industries/IndustryManufacturing.ilean -c ././.lake/build/ir/RIINA/Industries/IndustryManufacturing.c --json",
   "level": "trace"},
  {"message":
   "././././RIINA/Industries/IndustryManufacturing.lean:234:30: unused variable `system`\nnote: this linter can be disabled with `set_option linter.unusedVariables false`",
   "level": "warning"},
  {"message":
   "././././RIINA/Industries/IndustryManufacturing.lean:234:45: unused variable `sil`\nnote: this linter can be disabled with `set_option linter.unusedVariables false`",
   "level": "warning"},
  {"message":
   "././././RIINA/Industries/IndustryManufacturing.lean:240:35: unused variable `zone`\nnote: this linter can be disabled with `set_option linter.unusedVariables false`",
   "level": "warning"},
  {"message":
   "././././RIINA/Industries/IndustryManufacturing.lean:240:56: unused variable `conduit`\nnote: this linter can be disabled with `set_option linter.unusedVariables false`",
   "level": "warning"},
  {"message":
   "././././RIINA/Industries/IndustryManufacturing.lean:246:42: unused variable `product`\nnote: this linter can be disabled with `set_option linter.unusedVariables false`",
   "level": "warning"},
  {"message":
   "././././RIINA/Industries/IndustryManufacturing.lean:252:36: unused variable `ics`\nnote: this linter can be disabled with `set_option linter.unusedVariables false`",
   "level": "warning"},
  {"message":
   "././././RIINA/Industries/IndustryManufacturing.lean:262:39: unused variable `l1`\nnote: this linter can be disabled with `set_option linter.unusedVariables false`",
   "level": "warning"},
  {"message":
   "././././RIINA/Industries/IndustryManufacturing.lean:262:58: unused variable `l2`\nnote: this linter can be disabled with `set_option linter.unusedVariables false`",
   "level": "warning"}],
 "depHash": "4822113169378431051"}