{"log":
 [{"message":
   ".> LEAN_PATH=././.lake/build/lib LD_LIBRARY_PATH= /home/codespace/.elan/toolchains/leanprover--lean4---v4.16.0/bin/lean -DautoImplicit=false ././././RIINA/Industries/IndustryHealthcare.lean -R ./././. -o ././.lake/build/lib/RIINA/Industries/IndustryHealthcare.olean -i ././.lake/build/lib/RIINA/Industries/IndustryHealthcare.ilean -c ././.lake/build/ir/RIINA/Industries/IndustryHealthcare.c --json",
   "level": "trace"},
  {"message":
   "././././RIINA/Industries/IndustryHealthcare.lean:204:32: unused variable `phi`\nnote: this linter can be disabled with `set_option linter.unusedVariables false`",
   "level": "warning"},
  {"message":
   "././././RIINA/Industries/IndustryHealthcare.lean:204:53: unused variable `accessor`\nnote: this linter can be disabled with `set_option linter.unusedVariables false`",
   "level": "warning"},
  {"message":
   "././././RIINA/Industries/IndustryHealthcare.lean:204:70: unused variable `purpose`\nnote: this linter can be disabled with `set_option linter.unusedVariables false`",
   "level": "warning"},
  {"message":
   "././././RIINA/Industries/IndustryHealthcare.lean:216:27: unused variable `electronic_record`\nnote: this linter can be disabled with `set_option linter.unusedVariables false`",
   "level": "warning"},
  {"message":
   "././././RIINA/Industries/IndustryHealthcare.lean:216:53: unused variable `signature`\nnote: this linter can be disabled with `set_option linter.unusedVariables false`",
   "level": "warning"},
  {"message":
   "././././RIINA/Industries/IndustryHealthcare.lean:222:40: unused variable `breach`\nnote: this linter can be disabled with `set_option linter.unusedVariables false`",
   "level": "warning"},
  {"message":
   "././././RIINA/Industries/IndustryHealthcare.lean:222:55: unused variable `affected_individuals`\nnote: this linter can be disabled with `set_option linter.unusedVariables false`",
   "level": "warning"},
  {"message":
   "././././RIINA/Industries/IndustryHealthcare.lean:228:31: unused variable `resource`\nnote: this linter can be disabled with `set_option linter.unusedVariables false`",
   "level": "warning"},
  {"message":
   "././././RIINA/Industries/IndustryHealthcare.lean:228:48: unused variable `access_token`\nnote: this linter can be disabled with `set_option linter.unusedVariables false`",
   "level": "warning"},
  {"message":
   "././././RIINA/Industries/IndustryHealthcare.lean:233:61: unused variable `phi`\nnote: this linter can be disabled with `set_option linter.unusedVariables false`",
   "level": "warning"}],
 "depHash": "7449546592884404038"}