{"log":
 [{"message":
   ".> LEAN_PATH=././.lake/build/lib LD_LIBRARY_PATH= /home/codespace/.elan/toolchains/leanprover--lean4---v4.16.0/bin/lean -DautoImplicit=false ././././RIINA/Properties/TypeMeasure.lean -R ./././. -o ././.lake/build/lib/RIINA/Properties/TypeMeasure.olean -i ././.lake/build/lib/RIINA/Properties/TypeMeasure.ilean -c ././.lake/build/ir/RIINA/Properties/TypeMeasure.c --json",
   "level": "trace"},
  {"message":
   "././././RIINA/Properties/TypeMeasure.lean:94:2: try 'simp' instead of 'simpa'\nnote: this linter can be disabled with `set_option linter.unnecessarySimpa false`",
   "level": "warning"},
  {"message":
   "././././RIINA/Properties/TypeMeasure.lean:146:4: try 'simp' instead of 'simpa'\nnote: this linter can be disabled with `set_option linter.unnecessarySimpa false`",
   "level": "warning"},
  {"message":
   "././././RIINA/Properties/TypeMeasure.lean:157:4: try 'simp' instead of 'simpa'\nnote: this linter can be disabled with `set_option linter.unnecessarySimpa false`",
   "level": "warning"},
  {"message":
   "././././RIINA/Properties/TypeMeasure.lean:168:4: try 'simp' instead of 'simpa'\nnote: this linter can be disabled with `set_option linter.unnecessarySimpa false`",
   "level": "warning"},
  {"message":
   "././././RIINA/Properties/TypeMeasure.lean:179:4: try 'simp' instead of 'simpa'\nnote: this linter can be disabled with `set_option linter.unnecessarySimpa false`",
   "level": "warning"},
  {"message":
   "././././RIINA/Properties/TypeMeasure.lean:190:4: try 'simp' instead of 'simpa'\nnote: this linter can be disabled with `set_option linter.unnecessarySimpa false`",
   "level": "warning"},
  {"message":
   "././././RIINA/Properties/TypeMeasure.lean:201:4: try 'simp' instead of 'simpa'\nnote: this linter can be disabled with `set_option linter.unnecessarySimpa false`",
   "level": "warning"},
  {"message":
   "././././RIINA/Properties/TypeMeasure.lean:209:2: try 'simp' instead of 'simpa'\nnote: this linter can be disabled with `set_option linter.unnecessarySimpa false`",
   "level": "warning"},
  {"message":
   "././././RIINA/Properties/TypeMeasure.lean:216:2: try 'simp' instead of 'simpa'\nnote: this linter can be disabled with `set_option linter.unnecessarySimpa false`",
   "level": "warning"},
  {"message":
   "././././RIINA/Properties/TypeMeasure.lean:223:2: try 'simp' instead of 'simpa'\nnote: this linter can be disabled with `set_option linter.unnecessarySimpa false`",
   "level": "warning"},
  {"message":
   "././././RIINA/Properties/TypeMeasure.lean:285:2: try 'simp' instead of 'simpa'\nnote: this linter can be disabled with `set_option linter.unnecessarySimpa false`",
   "level": "warning"},
  {"message":
   "././././RIINA/Properties/TypeMeasure.lean:291:2: try 'simp' instead of 'simpa'\nnote: this linter can be disabled with `set_option linter.unnecessarySimpa false`",
   "level": "warning"},
  {"message":
   "././././RIINA/Properties/TypeMeasure.lean:367:2: try 'simp' instead of 'simpa'\nnote: this linter can be disabled with `set_option linter.unnecessarySimpa false`",
   "level": "warning"},
  {"message":
   "././././RIINA/Properties/TypeMeasure.lean:374:2: try 'simp' instead of 'simpa'\nnote: this linter can be disabled with `set_option linter.unnecessarySimpa false`",
   "level": "warning"},
  {"message":
   "././././RIINA/Properties/TypeMeasure.lean:381:2: try 'simp' instead of 'simpa'\nnote: this linter can be disabled with `set_option linter.unnecessarySimpa false`",
   "level": "warning"},
  {"message":
   "././././RIINA/Properties/TypeMeasure.lean:388:2: try 'simp' instead of 'simpa'\nnote: this linter can be disabled with `set_option linter.unnecessarySimpa false`",
   "level": "warning"},
  {"message":
   "././././RIINA/Properties/TypeMeasure.lean:395:2: try 'simp' instead of 'simpa'\nnote: this linter can be disabled with `set_option linter.unnecessarySimpa false`",
   "level": "warning"},
  {"message":
   "././././RIINA/Properties/TypeMeasure.lean:402:2: try 'simp' instead of 'simpa'\nnote: this linter can be disabled with `set_option linter.unnecessarySimpa false`",
   "level": "warning"},
  {"message":
   "././././RIINA/Properties/TypeMeasure.lean:409:2: try 'simp' instead of 'simpa'\nnote: this linter can be disabled with `set_option linter.unnecessarySimpa false`",
   "level": "warning"}],
 "depHash": "12966762526550138073"}