{"log":
 [{"message":
   ".> LEAN_PATH=././.lake/build/lib LD_LIBRARY_PATH= /home/codespace/.elan/toolchains/leanprover--lean4---v4.16.0/bin/lean -DautoImplicit=false ././././RIINA/Termination/StrongNorm.lean -R ./././. -o ././.lake/build/lib/RIINA/Termination/StrongNorm.olean -i ././.lake/build/lib/RIINA/Termination/StrongNorm.ilean -c ././.lake/build/ir/RIINA/Termination/StrongNorm.c --json",
   "level": "trace"},
  {"message":
   "././././RIINA/Termination/StrongNorm.lean:300:8: unused variable `st`\nnote: this linter can be disabled with `set_option linter.unusedVariables false`",
   "level": "warning"},
  {"message":
   "././././RIINA/Termination/StrongNorm.lean:300:11: unused variable `ctx`\nnote: this linter can be disabled with `set_option linter.unusedVariables false`",
   "level": "warning"},
  {"message":
   "././././RIINA/Termination/StrongNorm.lean:404:12: unused variable `st`\nnote: this linter can be disabled with `set_option linter.unusedVariables false`",
   "level": "warning"},
  {"message":
   "././././RIINA/Termination/StrongNorm.lean:404:15: unused variable `ctx`\nnote: this linter can be disabled with `set_option linter.unusedVariables false`",
   "level": "warning"},
  {"message":
   "././././RIINA/Termination/StrongNorm.lean:411:10: unused variable `st`\nnote: this linter can be disabled with `set_option linter.unusedVariables false`",
   "level": "warning"},
  {"message":
   "././././RIINA/Termination/StrongNorm.lean:411:13: unused variable `ctx`\nnote: this linter can be disabled with `set_option linter.unusedVariables false`",
   "level": "warning"},
  {"message":
   "././././RIINA/Termination/StrongNorm.lean:418:10: unused variable `st`\nnote: this linter can be disabled with `set_option linter.unusedVariables false`",
   "level": "warning"},
  {"message":
   "././././RIINA/Termination/StrongNorm.lean:418:13: unused variable `ctx`\nnote: this linter can be disabled with `set_option linter.unusedVariables false`",
   "level": "warning"},
  {"message":
   "././././RIINA/Termination/StrongNorm.lean:425:8: unused variable `st`\nnote: this linter can be disabled with `set_option linter.unusedVariables false`",
   "level": "warning"},
  {"message":
   "././././RIINA/Termination/StrongNorm.lean:425:11: unused variable `ctx`\nnote: this linter can be disabled with `set_option linter.unusedVariables false`",
   "level": "warning"}],
 "depHash": "4584179155683596503"}