make: Entering directory '/workspaces/proof/02_FORMAL/coq'
COQC effects/EffectGate.v
COQC properties/ValRelMonotone.v
File "./properties/ValRelMonotone.v", line 19, characters 0-21:
Warning: Notations "[ _ := _ ] _" defined at level 20 and "[ ]"
defined at level 0 have incompatible prefixes.
One of them will likely not work.
[notation-incompatible-prefix,parsing,default]
File "./properties/ValRelMonotone.v", line 19, characters 0-21:
Warning: Notations "[ _ := _ ] _" defined at level 20 with arguments constr
and "[ _ ]" defined at level 0 with arguments constr
have incompatible prefixes. One of them will likely not work.
[notation-incompatible-prefix,parsing,default]
File "./properties/ValRelMonotone.v", line 19, characters 0-21:
Warning: Notations "[ _ := _ ] _" defined at level 20 with arguments constr
and "[ _ ; _ ; .. ; _ ]" defined at level 0 with arguments constr
have incompatible prefixes. One of them will likely not work.
[notation-incompatible-prefix,parsing,default]
COQC termination/Reducibility.v
File "./effects/EffectGate.v", line 97, characters 16-23:
Error:
In environment
G : type_env
S : store_ty
D : security_level
eff : effect
e : expr
T : ty
ε : effect
H : has_type G S D e T ε
Unable to unify
 "has_type_full ?M1383 ?M1384 ?M1385 (EGrant ?M1386 ?M1387) ?M1388 ?M1389"
with "has_type G S D (EGrant eff e) T ε".

make[1]: *** [Makefile:818: effects/EffectGate.vo] Error 1
make[1]: *** [effects/EffectGate.vo] Deleting file 'effects/EffectGate.glob'
make[1]: *** Waiting for unfinished jobs....
File "./termination/Reducibility.v", line 28, characters 0-21:
Warning: Notations "[ _ := _ ] _" defined at level 20 and "[ ]"
defined at level 0 have incompatible prefixes.
One of them will likely not work.
[notation-incompatible-prefix,parsing,default]
File "./termination/Reducibility.v", line 28, characters 0-21:
Warning: Notations "[ _ := _ ] _" defined at level 20 with arguments constr
and "[ _ ]" defined at level 0 with arguments constr
have incompatible prefixes. One of them will likely not work.
[notation-incompatible-prefix,parsing,default]
File "./termination/Reducibility.v", line 28, characters 0-21:
Warning: Notations "[ _ := _ ] _" defined at level 20 with arguments constr
and "[ _ ; _ ; .. ; _ ]" defined at level 0 with arguments constr
have incompatible prefixes. One of them will likely not work.
[notation-incompatible-prefix,parsing,default]
make: *** [Makefile:417: all] Error 2
make: Leaving directory '/workspaces/proof/02_FORMAL/coq'

real	0m0.940s
user	0m0.861s
sys	0m0.433s
